// Jest Snapshot v1, https://goo.gl/fbAQLP

exports[`Matches snapshot 1`] = `
<div
  className="d-flex flex-column text-white"
  style={
    Object {
      "minHeight": "100vh",
    }
  }
>
  <div
    className="d-flex justify-content-between ms-4 me-4 mt-2 mb-0 m-sm-4"
  >
    <div
      className="d-flex justify-content-start align-items-stretch"
    >
      <div
        className="d-none d-sm-block"
        style={
          Object {
            "flexGrow": 0.25,
          }
        }
      />
      <div
        className="h3 border-bottom m-2 ms-0"
        contentEditable="true"
        style={
          Object {
            "minWidth": "25vw",
            "outline": "none",
          }
        }
      />
      <div
        className="d-none d-sm-block"
        style={
          Object {
            "flexGrow": 2,
          }
        }
      />
    </div>
    <div>
      <button
        aria-controls="settingsMenu"
        className="btn"
        data-bs-target="#settingsMenu"
        data-bs-toggle="offcanvas"
        type="button"
      >
        <svg
          className="bi"
          fill="white"
          height="24"
          width="24"
        >
          <use
            href="bootstrap-icons.svg#gear-wide-connected"
          />
        </svg>
      </button>
      <div
        aria-labelledby="settingsMenu"
        className="w-100 offcanvas offcanvas-start"
        data-bs-theme="dark"
        id="settingsMenu"
        tabIndex="-1"
      >
        <div
          className="offcanvas-header"
        >
          <h2
            className="offcanvas-title"
            id="settingsMenuLabel"
          >
            Settings
          </h2>
          <button
            aria-label="Close"
            className="btn-close"
            data-bs-dismiss="offcanvas"
            type="button"
          />
        </div>
        <p
          className="container"
        >
          To change keyboard shortcuts: click the shortcut box, enter the shortcut you want, then click away from the box.
        </p>
        <div
          className="container"
        >
          <h4
            className="row border-bottom"
          >
            Keyboard Shortcuts
          </h4>
          <div
            className="row justify-content-start"
          >
            <h5
              className="col"
            >
              Increment Count
            </h5>
            <div
              className="col border p-1"
              contentEditable="true"
              onBeforeInput={[Function]}
              onBlur={[Function]}
              onFocus={[Function]}
              onInput={[Function]}
              onPaste={[Function]}
              style={
                Object {
                  "minWidth": "20%",
                  "outline": "none",
                }
              }
            />
          </div>
          <div
            className="row justify-content-start"
          >
            <h5
              className="col"
            >
              Decrement Count
            </h5>
            <div
              className="col border p-1"
              contentEditable="true"
              onBeforeInput={[Function]}
              onBlur={[Function]}
              onFocus={[Function]}
              onInput={[Function]}
              onPaste={[Function]}
              style={
                Object {
                  "minWidth": "20%",
                  "outline": "none",
                }
              }
            />
          </div>
          <div
            className="row justify-content-start"
          >
            <h5
              className="col"
            >
              Reset Count
            </h5>
            <div
              className="col border p-1"
              contentEditable="true"
              onBeforeInput={[Function]}
              onBlur={[Function]}
              onFocus={[Function]}
              onInput={[Function]}
              onPaste={[Function]}
              style={
                Object {
                  "minWidth": "20%",
                  "outline": "none",
                }
              }
            />
          </div>
          <h4
            className="row border-bottom"
          >
            Reset
          </h4>
          <button
            className="btn btn-outline-light m-1"
            data-bs-placement="top"
            data-bs-toggle="tooltip"
            onClick={[Function]}
            type="button"
          >
            Reset Default Settings
          </button>
        </div>
      </div>
    </div>
  </div>
  <div
    className="d-flex flex-column align-items-center justify-content-center"
    style={
      Object {
        "flexGrow": 1,
      }
    }
  >
    <div
      style={
        Object {
          "flexGrow": 0.75,
        }
      }
    />
    <div
      className="d-flex"
    >
      <h1
        className="display-1 me-4 me-md-5"
      >
        Take
      </h1>
      <div
        className="display-1"
        contentEditable="true"
        onBeforeInput={[Function]}
        onInput={[Function]}
        onPaste={[Function]}
        style={
          Object {
            "minWidth": "40%",
            "outline": "none",
          }
        }
      />
    </div>
    <div
      className=""
      style={
        Object {
          "flexGrow": 0,
        }
      }
    >
      <button
        className="btn btn-primary m-1"
        data-bs-placement="bottom"
        data-bs-title="Shift+_"
        data-bs-toggle="tooltip"
        onClick={[Function]}
        type="button"
      >
        -
      </button>
      <button
        className="btn btn-primary m-1"
        data-bs-placement="bottom"
        data-bs-title="Shift+R"
        data-bs-toggle="tooltip"
        onClick={[Function]}
        type="button"
      >
        reset
      </button>
      <button
        className="btn btn-primary m-1"
        data-bs-placement="bottom"
        data-bs-title="Shift+Plus"
        data-bs-toggle="tooltip"
        onClick={[Function]}
        type="button"
      >
        +
      </button>
    </div>
    <div
      style={
        Object {
          "flexGrow": 1,
        }
      }
    />
  </div>
</div>
`;
